// Jest Snapshot v1, https://jestjs.io/docs/snapshot-testing

exports[`TopicExplorer suite tests Should match snapshot 1`] = `
<div>
  <div
    class="grid grid-cols-1 md:grid-cols-2 lg:grid-cols-3 gap-y-4 md:gap-y-10 lg:gap-y-10 w-full max-w-[420px] md:max-w-[768px] lg:max-w-[1024px] justify-items-center mb-5 md:mb-0"
  >
    <div
      class="text-card-foreground flex flex-col gap-6 rounded-xl border py-6 shadow-sm bg-[#1C1C1C] border-gray-800 hover:border-gray-600 transition-all w-full md:max-w-[340px] lg:max-w-[300px] min-h-[290px]"
      data-slot="card"
    >
      <div
        class="@container/card-header grid auto-rows-min grid-rows-[auto_auto] items-start gap-2 px-6 has-data-[slot=card-action]:grid-cols-[1fr_auto] [.border-b]:pb-6"
        data-slot="card-header"
      >
        <div
          class="leading-none font-semibold"
          data-slot="card-title"
        >
          Luke Skywalker
        </div>
      </div>
      <div
        class="px-6 space-y-1 text-md"
        data-slot="card-content"
      >
        <p
          class="capitalize"
        >
          <strong
            class="capitalize"
          >
            birth year
            :
          </strong>
           
          19BBY
        </p>
        <p
          class="capitalize"
        >
          <strong
            class="capitalize"
          >
            eye color
            :
          </strong>
           
          blue
        </p>
        <p
          class="capitalize"
        >
          <strong
            class="capitalize"
          >
            gender
            :
          </strong>
           
          male
        </p>
        <p
          class="capitalize"
        >
          <strong
            class="capitalize"
          >
            hair color
            :
          </strong>
           
          blond
        </p>
        <p
          class="capitalize"
        >
          <strong
            class="capitalize"
          >
            height
            :
          </strong>
           
          172 cm
        </p>
        <p
          class="capitalize"
        >
          <strong
            class="capitalize"
          >
            mass
            :
          </strong>
           
          77 kg
        </p>
        <p
          class="capitalize"
        >
          <strong
            class="capitalize"
          >
            skin color
            :
          </strong>
           
          fair
        </p>
      </div>
    </div>
    <div
      class="text-card-foreground flex flex-col gap-6 rounded-xl border py-6 shadow-sm bg-[#1C1C1C] border-gray-800 hover:border-gray-600 transition-all w-full md:max-w-[340px] lg:max-w-[300px] min-h-[290px]"
      data-slot="card"
    >
      <div
        class="@container/card-header grid auto-rows-min grid-rows-[auto_auto] items-start gap-2 px-6 has-data-[slot=card-action]:grid-cols-[1fr_auto] [.border-b]:pb-6"
        data-slot="card-header"
      >
        <div
          class="leading-none font-semibold"
          data-slot="card-title"
        >
          C-3PO
        </div>
      </div>
      <div
        class="px-6 space-y-1 text-md"
        data-slot="card-content"
      >
        <p
          class="capitalize"
        >
          <strong
            class="capitalize"
          >
            birth year
            :
          </strong>
           
          112BBY
        </p>
        <p
          class="capitalize"
        >
          <strong
            class="capitalize"
          >
            eye color
            :
          </strong>
           
          yellow
        </p>
        <p
          class="capitalize"
        >
          <strong
            class="capitalize"
          >
            gender
            :
          </strong>
           
          n/a
        </p>
        <p
          class="capitalize"
        >
          <strong
            class="capitalize"
          >
            hair color
            :
          </strong>
           
          n/a
        </p>
        <p
          class="capitalize"
        >
          <strong
            class="capitalize"
          >
            height
            :
          </strong>
           
          167 cm
        </p>
        <p
          class="capitalize"
        >
          <strong
            class="capitalize"
          >
            mass
            :
          </strong>
           
          75 kg
        </p>
        <p
          class="capitalize"
        >
          <strong
            class="capitalize"
          >
            skin color
            :
          </strong>
           
          gold
        </p>
      </div>
    </div>
    <div
      class="text-card-foreground flex flex-col gap-6 rounded-xl border py-6 shadow-sm bg-[#1C1C1C] border-gray-800 hover:border-gray-600 transition-all w-full md:max-w-[340px] lg:max-w-[300px] min-h-[290px]"
      data-slot="card"
    >
      <div
        class="@container/card-header grid auto-rows-min grid-rows-[auto_auto] items-start gap-2 px-6 has-data-[slot=card-action]:grid-cols-[1fr_auto] [.border-b]:pb-6"
        data-slot="card-header"
      >
        <div
          class="leading-none font-semibold"
          data-slot="card-title"
        >
          R2-D2
        </div>
      </div>
      <div
        class="px-6 space-y-1 text-md"
        data-slot="card-content"
      >
        <p
          class="capitalize"
        >
          <strong
            class="capitalize"
          >
            birth year
            :
          </strong>
           
          33BBY
        </p>
        <p
          class="capitalize"
        >
          <strong
            class="capitalize"
          >
            eye color
            :
          </strong>
           
          red
        </p>
        <p
          class="capitalize"
        >
          <strong
            class="capitalize"
          >
            gender
            :
          </strong>
           
          n/a
        </p>
        <p
          class="capitalize"
        >
          <strong
            class="capitalize"
          >
            hair color
            :
          </strong>
           
          n/a
        </p>
        <p
          class="capitalize"
        >
          <strong
            class="capitalize"
          >
            height
            :
          </strong>
           
          96 cm
        </p>
        <p
          class="capitalize"
        >
          <strong
            class="capitalize"
          >
            mass
            :
          </strong>
           
          32 kg
        </p>
        <p
          class="capitalize"
        >
          <strong
            class="capitalize"
          >
            skin color
            :
          </strong>
           
          white, blue
        </p>
      </div>
    </div>
  </div>
  <div
    aria-label="paginator"
    class="mt-8 flex justify-center"
  >
    <nav
      aria-label="pagination"
      class="mx-auto flex w-full justify-center"
      data-slot="pagination"
      role="navigation"
    >
      <ul
        class="flex flex-row items-center gap-1"
        data-slot="pagination-content"
      >
        <li
          data-slot="pagination-item"
        >
          <a
            aria-disabled="true"
            aria-label="Go to previous page"
            class="inline-flex items-center justify-center whitespace-nowrap rounded-md text-sm font-medium transition-all disabled:pointer-events-none disabled:opacity-50 [&_svg]:pointer-events-none [&_svg:not([class*='size-'])]:size-4 shrink-0 [&_svg]:shrink-0 outline-none focus-visible:border-ring focus-visible:ring-ring/50 focus-visible:ring-[3px] aria-invalid:ring-destructive/20 dark:aria-invalid:ring-destructive/40 aria-invalid:border-destructive hover:bg-accent hover:text-accent-foreground dark:hover:bg-accent/50 h-9 py-2 has-[>svg]:px-3 gap-1 px-2.5 sm:pl-2.5"
            data-slot="pagination-link"
            href="/planets/page/1"
          >
            <svg
              aria-hidden="true"
              class="lucide lucide-chevron-left"
              fill="none"
              height="24"
              stroke="currentColor"
              stroke-linecap="round"
              stroke-linejoin="round"
              stroke-width="2"
              viewBox="0 0 24 24"
              width="24"
              xmlns="http://www.w3.org/2000/svg"
            >
              <path
                d="m15 18-6-6 6-6"
              />
            </svg>
            <span
              class="hidden sm:block"
            >
              Previous
            </span>
          </a>
        </li>
        <li
          data-slot="pagination-item"
        >
          <a
            aria-current="page"
            class="inline-flex items-center justify-center gap-2 whitespace-nowrap rounded-md text-sm font-medium transition-all disabled:pointer-events-none disabled:opacity-50 [&_svg]:pointer-events-none [&_svg:not([class*='size-'])]:size-4 shrink-0 [&_svg]:shrink-0 outline-none focus-visible:border-ring focus-visible:ring-ring/50 focus-visible:ring-[3px] aria-invalid:ring-destructive/20 dark:aria-invalid:ring-destructive/40 aria-invalid:border-destructive border bg-background shadow-xs hover:bg-accent hover:text-accent-foreground dark:bg-input/30 dark:border-input dark:hover:bg-input/50 size-9"
            data-active="true"
            data-slot="pagination-link"
            href="/planets/page/1"
          >
            1
          </a>
        </li>
        <li
          data-slot="pagination-item"
        >
          <a
            class="inline-flex items-center justify-center gap-2 whitespace-nowrap rounded-md text-sm font-medium transition-all disabled:pointer-events-none disabled:opacity-50 [&_svg]:pointer-events-none [&_svg:not([class*='size-'])]:size-4 shrink-0 [&_svg]:shrink-0 outline-none focus-visible:border-ring focus-visible:ring-ring/50 focus-visible:ring-[3px] aria-invalid:ring-destructive/20 dark:aria-invalid:ring-destructive/40 aria-invalid:border-destructive hover:bg-accent hover:text-accent-foreground dark:hover:bg-accent/50 size-9"
            data-active="false"
            data-slot="pagination-link"
            href="/planets/page/2"
          >
            2
          </a>
        </li>
        <li
          data-slot="pagination-item"
        >
          <a
            class="inline-flex items-center justify-center gap-2 whitespace-nowrap rounded-md text-sm font-medium transition-all disabled:pointer-events-none disabled:opacity-50 [&_svg]:pointer-events-none [&_svg:not([class*='size-'])]:size-4 shrink-0 [&_svg]:shrink-0 outline-none focus-visible:border-ring focus-visible:ring-ring/50 focus-visible:ring-[3px] aria-invalid:ring-destructive/20 dark:aria-invalid:ring-destructive/40 aria-invalid:border-destructive hover:bg-accent hover:text-accent-foreground dark:hover:bg-accent/50 size-9"
            data-active="false"
            data-slot="pagination-link"
            href="/planets/page/3"
          >
            3
          </a>
        </li>
        <li
          data-slot="pagination-item"
        >
          <a
            aria-disabled="true"
            aria-label="Go to next page"
            class="inline-flex items-center justify-center whitespace-nowrap rounded-md text-sm font-medium transition-all disabled:pointer-events-none disabled:opacity-50 [&_svg]:pointer-events-none [&_svg:not([class*='size-'])]:size-4 shrink-0 [&_svg]:shrink-0 outline-none focus-visible:border-ring focus-visible:ring-ring/50 focus-visible:ring-[3px] aria-invalid:ring-destructive/20 dark:aria-invalid:ring-destructive/40 aria-invalid:border-destructive hover:bg-accent hover:text-accent-foreground dark:hover:bg-accent/50 h-9 py-2 has-[>svg]:px-3 gap-1 px-2.5 sm:pr-2.5"
            data-slot="pagination-link"
            href="/planets/page/2"
          >
            <span
              class="hidden sm:block"
            >
              Next
            </span>
            <svg
              aria-hidden="true"
              class="lucide lucide-chevron-right"
              fill="none"
              height="24"
              stroke="currentColor"
              stroke-linecap="round"
              stroke-linejoin="round"
              stroke-width="2"
              viewBox="0 0 24 24"
              width="24"
              xmlns="http://www.w3.org/2000/svg"
            >
              <path
                d="m9 18 6-6-6-6"
              />
            </svg>
          </a>
        </li>
      </ul>
    </nav>
  </div>
</div>
`;
