// Jest Snapshot v1, https://jestjs.io/docs/snapshot-testing

exports[`ExploreBySearchPage suite tests Should match with snapshoot 1`] = `
<div>
  <form
    action="/people/search"
    aria-label="search-form"
    class="flex w-[282px] gap-2 mb-6 md:mb-8"
  >
    <input
      aria-label="query"
      autocomplete="off"
      class="file:text-foreground placeholder:text-muted-foreground selection:bg-primary selection:text-primary-foreground dark:bg-input/30 border-input h-9 w-full min-w-0 rounded-md border bg-transparent px-3 py-1 text-base shadow-xs transition-[color,box-shadow] outline-none file:inline-flex file:h-7 file:border-0 file:bg-transparent file:text-sm file:font-medium disabled:pointer-events-none disabled:cursor-not-allowed disabled:opacity-50 md:text-sm focus-visible:border-ring focus-visible:ring-ring/50 focus-visible:ring-[3px] aria-invalid:ring-destructive/20 dark:aria-invalid:ring-destructive/40 aria-invalid:border-destructive"
      data-slot="input"
      name="query"
      placeholder="Search your favorite character"
      required=""
    />
    <label
      class="flex items-center gap-2 text-sm leading-none font-medium select-none group-data-[disabled=true]:pointer-events-none group-data-[disabled=true]:opacity-50 peer-disabled:cursor-not-allowed peer-disabled:opacity-50"
      data-slot="label"
      for="trigger"
    >
      <button
        class="inline-flex items-center justify-center gap-2 whitespace-nowrap rounded-md text-sm font-medium transition-all disabled:pointer-events-none disabled:opacity-50 [&_svg]:pointer-events-none [&_svg:not([class*='size-'])]:size-4 shrink-0 [&_svg]:shrink-0 outline-none focus-visible:border-ring focus-visible:ring-ring/50 focus-visible:ring-[3px] aria-invalid:ring-destructive/20 dark:aria-invalid:ring-destructive/40 aria-invalid:border-destructive hover:bg-accent hover:text-accent-foreground dark:hover:bg-accent/50 size-9 cursor-pointer"
        data-slot="button"
      >
        <svg
          aria-label="search-icon"
          fill="currentColor"
          height="1em"
          stroke="currentColor"
          stroke-width="0"
          viewBox="0 0 512 512"
          width="1em"
          xmlns="http://www.w3.org/2000/svg"
        >
          <path
            d="M505 442.7L405.3 343c-4.5-4.5-10.6-7-17-7H372c27.6-35.3 44-79.7 44-128C416 93.1 322.9 0 208 0S0 93.1 0 208s93.1 208 208 208c48.3 0 92.7-16.4 128-44v16.3c0 6.4 2.5 12.5 7 17l99.7 99.7c9.4 9.4 24.6 9.4 33.9 0l28.3-28.3c9.4-9.4 9.4-24.6.1-34zM208 336c-70.7 0-128-57.2-128-128 0-70.7 57.2-128 128-128 70.7 0 128 57.2 128 128 0 70.7-57.2 128-128 128z"
          />
        </svg>
      </button>
    </label>
    <input
      class="file:text-foreground placeholder:text-muted-foreground selection:bg-primary selection:text-primary-foreground dark:bg-input/30 border-input h-9 w-full min-w-0 rounded-md border bg-transparent px-3 py-1 text-base shadow-xs transition-[color,box-shadow] outline-none file:inline-flex file:h-7 file:border-0 file:bg-transparent file:text-sm file:font-medium disabled:pointer-events-none disabled:cursor-not-allowed disabled:opacity-50 md:text-sm focus-visible:border-ring focus-visible:ring-ring/50 focus-visible:ring-[3px] aria-invalid:ring-destructive/20 dark:aria-invalid:ring-destructive/40 aria-invalid:border-destructive"
      data-slot="input"
      hidden=""
      id="trigger"
      type="submit"
    />
  </form>
  <div
    class="grid grid-cols-1 md:grid-cols-2 lg:grid-cols-3 gap-y-4 md:gap-y-10 lg:gap-y-10 w-full max-w-[420px] md:max-w-[768px] lg:max-w-[1024px] justify-items-center mb-5 md:mb-0"
  >
    <div
      class="text-card-foreground flex flex-col gap-6 rounded-xl border py-6 shadow-sm bg-[#1C1C1C] border-gray-800 hover:border-gray-600 transition-all w-full md:max-w-[340px] lg:max-w-[300px] min-h-[290px]"
      data-slot="card"
    >
      <div
        class="@container/card-header grid auto-rows-min grid-rows-[auto_auto] items-start gap-2 px-6 has-data-[slot=card-action]:grid-cols-[1fr_auto] [.border-b]:pb-6"
        data-slot="card-header"
      >
        <div
          class="leading-none font-semibold"
          data-slot="card-title"
        >
          Luke Skywalker
        </div>
      </div>
      <div
        class="px-6 space-y-1 text-md"
        data-slot="card-content"
      >
        <p
          class="capitalize"
        >
          <strong
            class="capitalize"
          >
            height
            :
          </strong>
           
          172 cm
        </p>
        <p
          class="capitalize"
        >
          <strong
            class="capitalize"
          >
            mass
            :
          </strong>
           
          77 kg
        </p>
        <p
          class="capitalize"
        >
          <strong
            class="capitalize"
          >
            hair color
            :
          </strong>
           
          blond
        </p>
        <p
          class="capitalize"
        >
          <strong
            class="capitalize"
          >
            skin color
            :
          </strong>
           
          fair
        </p>
        <p
          class="capitalize"
        >
          <strong
            class="capitalize"
          >
            eye color
            :
          </strong>
           
          blue
        </p>
        <p
          class="capitalize"
        >
          <strong
            class="capitalize"
          >
            birth year
            :
          </strong>
           
          19BBY
        </p>
        <p
          class="capitalize"
        >
          <strong
            class="capitalize"
          >
            gender
            :
          </strong>
           
          male
        </p>
        <p
          class="capitalize"
        >
          <strong
            class="capitalize"
          >
            homeworld
            :
          </strong>
           
          https://swapi.dev/api/planets/1/
        </p>
        <p
          class="capitalize"
        >
          <strong
            class="capitalize"
          >
            films
            :
          </strong>
           
        </p>
        <p
          class="capitalize"
        >
          <strong
            class="capitalize"
          >
            species
            :
          </strong>
           
        </p>
        <p
          class="capitalize"
        >
          <strong
            class="capitalize"
          >
            vehicles
            :
          </strong>
           
        </p>
        <p
          class="capitalize"
        >
          <strong
            class="capitalize"
          >
            starships
            :
          </strong>
           
        </p>
        <p
          class="capitalize"
        >
          <strong
            class="capitalize"
          >
            created
            :
          </strong>
           
          2014-12-09T13:50:51.644000Z
        </p>
        <p
          class="capitalize"
        >
          <strong
            class="capitalize"
          >
            edited
            :
          </strong>
           
          2014-12-20T21:17:56.891000Z
        </p>
        <p
          class="capitalize"
        >
          <strong
            class="capitalize"
          >
            url
            :
          </strong>
           
          https://swapi.dev/api/people/1/
        </p>
      </div>
    </div>
  </div>
</div>
`;
